Compiling the C compiler identification source file "CMakeCCompilerId.c" failed.
Compiler: C:/Users/Tom/AppData/Local/Android/Sdk/ndk/29.0.14206865/toolchains/llvm/prebuilt/windows-x86_64/bin/clang.exe 
Build flags: -g;-DANDROID;-fdata-sections;-ffunction-sections;-funwind-tables;-fstack-protector-strong;-no-canonical-prefixes;-D_FORTIFY_SOURCE=2;-Wformat;-Werror=format-security;
Id flags: -c;--target=aarch64-none-linux-android26 

The output was:
The filename or extension is too long


Compiling the C compiler identification source file "CMakeCCompilerId.c" failed.
Compiler: C:/Users/Tom/AppData/Local/Android/Sdk/ndk/29.0.14206865/toolchains/llvm/prebuilt/windows-x86_64/bin/clang.exe 
Build flags: -g;-DANDROID;-fdata-sections;-ffunction-sections;-funwind-tables;-fstack-protector-strong;-no-canonical-prefixes;-D_FORTIFY_SOURCE=2;-Wformat;-Werror=format-security;
Id flags:  

The output was:
The filename or extension is too long


Compiling the C compiler identification source file "CMakeCCompilerId.c" failed.
Compiler: C:/Users/Tom/AppData/Local/Android/Sdk/ndk/29.0.14206865/toolchains/llvm/prebuilt/windows-x86_64/bin/clang.exe 
Build flags: -g;-DANDROID;-fdata-sections;-ffunction-sections;-funwind-tables;-fstack-protector-strong;-no-canonical-prefixes;-D_FORTIFY_SOURCE=2;-Wformat;-Werror=format-security;
Id flags: -c 

The output was:
The filename or extension is too long


Compiling the C compiler identification source file "CMakeCCompilerId.c" failed.
Compiler: C:/Users/Tom/AppData/Local/Android/Sdk/ndk/29.0.14206865/toolchains/llvm/prebuilt/windows-x86_64/bin/clang.exe 
Build flags: -g;-DANDROID;-fdata-sections;-ffunction-sections;-funwind-tables;-fstack-protector-strong;-no-canonical-prefixes;-D_FORTIFY_SOURCE=2;-Wformat;-Werror=format-security;
Id flags: -Aa 

The output was:
The filename or extension is too long


Compiling the C compiler identification source file "CMakeCCompilerId.c" failed.
Compiler: C:/Users/Tom/AppData/Local/Android/Sdk/ndk/29.0.14206865/toolchains/llvm/prebuilt/windows-x86_64/bin/clang.exe 
Build flags: -g;-DANDROID;-fdata-sections;-ffunction-sections;-funwind-tables;-fstack-protector-strong;-no-canonical-prefixes;-D_FORTIFY_SOURCE=2;-Wformat;-Werror=format-security;
Id flags: -D__CLASSIC_C__ 

The output was:
The filename or extension is too long


Compiling the C compiler identification source file "CMakeCCompilerId.c" failed.
Compiler: C:/Users/Tom/AppData/Local/Android/Sdk/ndk/29.0.14206865/toolchains/llvm/prebuilt/windows-x86_64/bin/clang.exe 
Build flags: -g;-DANDROID;-fdata-sections;-ffunction-sections;-funwind-tables;-fstack-protector-strong;-no-canonical-prefixes;-D_FORTIFY_SOURCE=2;-Wformat;-Werror=format-security;
Id flags: --target=arm-arm-none-eabi;-mcpu=cortex-m3 

The output was:
The filename or extension is too long


Compiling the C compiler identification source file "CMakeCCompilerId.c" failed.
Compiler: C:/Users/Tom/AppData/Local/Android/Sdk/ndk/29.0.14206865/toolchains/llvm/prebuilt/windows-x86_64/bin/clang.exe 
Build flags: -g;-DANDROID;-fdata-sections;-ffunction-sections;-funwind-tables;-fstack-protector-strong;-no-canonical-prefixes;-D_FORTIFY_SOURCE=2;-Wformat;-Werror=format-security;
Id flags: -c;-I__does_not_exist__ 

The output was:
The filename or extension is too long


Compiling the C compiler identification source file "CMakeCCompilerId.c" failed.
Compiler: C:/Users/Tom/AppData/Local/Android/Sdk/ndk/29.0.14206865/toolchains/llvm/prebuilt/windows-x86_64/bin/clang.exe 
Build flags: 
Id flags: -c;--target=aarch64-none-linux-android26 

The output was:
The filename or extension is too long


Compiling the C compiler identification source file "CMakeCCompilerId.c" failed.
Compiler: C:/Users/Tom/AppData/Local/Android/Sdk/ndk/29.0.14206865/toolchains/llvm/prebuilt/windows-x86_64/bin/clang.exe 
Build flags: 
Id flags:  

The output was:
The filename or extension is too long


Compiling the C compiler identification source file "CMakeCCompilerId.c" failed.
Compiler: C:/Users/Tom/AppData/Local/Android/Sdk/ndk/29.0.14206865/toolchains/llvm/prebuilt/windows-x86_64/bin/clang.exe 
Build flags: 
Id flags: -c 

The output was:
The filename or extension is too long


Compiling the C compiler identification source file "CMakeCCompilerId.c" failed.
Compiler: C:/Users/Tom/AppData/Local/Android/Sdk/ndk/29.0.14206865/toolchains/llvm/prebuilt/windows-x86_64/bin/clang.exe 
Build flags: 
Id flags: -Aa 

The output was:
The filename or extension is too long


Compiling the C compiler identification source file "CMakeCCompilerId.c" failed.
Compiler: C:/Users/Tom/AppData/Local/Android/Sdk/ndk/29.0.14206865/toolchains/llvm/prebuilt/windows-x86_64/bin/clang.exe 
Build flags: 
Id flags: -D__CLASSIC_C__ 

The output was:
The filename or extension is too long


Compiling the C compiler identification source file "CMakeCCompilerId.c" failed.
Compiler: C:/Users/Tom/AppData/Local/Android/Sdk/ndk/29.0.14206865/toolchains/llvm/prebuilt/windows-x86_64/bin/clang.exe 
Build flags: 
Id flags: --target=arm-arm-none-eabi;-mcpu=cortex-m3 

The output was:
The filename or extension is too long


Compiling the C compiler identification source file "CMakeCCompilerId.c" failed.
Compiler: C:/Users/Tom/AppData/Local/Android/Sdk/ndk/29.0.14206865/toolchains/llvm/prebuilt/windows-x86_64/bin/clang.exe 
Build flags: 
Id flags: -c;-I__does_not_exist__ 

The output was:
The filename or extension is too long


Checking whether the C compiler is IAR using "" did not match "IAR .+ Compiler":
Checking whether the C compiler is IAR using "" did not match "IAR .+ Compiler":
Compiling the CXX compiler identification source file "CMakeCXXCompilerId.cpp" failed.
Compiler: C:/Users/Tom/AppData/Local/Android/Sdk/ndk/29.0.14206865/toolchains/llvm/prebuilt/windows-x86_64/bin/clang++.exe 
Build flags: -g;-DANDROID;-fdata-sections;-ffunction-sections;-funwind-tables;-fstack-protector-strong;-no-canonical-prefixes;-D_FORTIFY_SOURCE=2;-Wformat;-Werror=format-security;;-std=c++20;-Wall;-Wextra;-Wpedantic
Id flags: -c;--target=aarch64-none-linux-android26 

The output was:
The filename or extension is too long


Compiling the CXX compiler identification source file "CMakeCXXCompilerId.cpp" failed.
Compiler: C:/Users/Tom/AppData/Local/Android/Sdk/ndk/29.0.14206865/toolchains/llvm/prebuilt/windows-x86_64/bin/clang++.exe 
Build flags: -g;-DANDROID;-fdata-sections;-ffunction-sections;-funwind-tables;-fstack-protector-strong;-no-canonical-prefixes;-D_FORTIFY_SOURCE=2;-Wformat;-Werror=format-security;;-std=c++20;-Wall;-Wextra;-Wpedantic
Id flags:  

The output was:
The filename or extension is too long


Compiling the CXX compiler identification source file "CMakeCXXCompilerId.cpp" failed.
Compiler: C:/Users/Tom/AppData/Local/Android/Sdk/ndk/29.0.14206865/toolchains/llvm/prebuilt/windows-x86_64/bin/clang++.exe 
Build flags: -g;-DANDROID;-fdata-sections;-ffunction-sections;-funwind-tables;-fstack-protector-strong;-no-canonical-prefixes;-D_FORTIFY_SOURCE=2;-Wformat;-Werror=format-security;;-std=c++20;-Wall;-Wextra;-Wpedantic
Id flags: -c 

The output was:
The filename or extension is too long


Compiling the CXX compiler identification source file "CMakeCXXCompilerId.cpp" failed.
Compiler: C:/Users/Tom/AppData/Local/Android/Sdk/ndk/29.0.14206865/toolchains/llvm/prebuilt/windows-x86_64/bin/clang++.exe 
Build flags: -g;-DANDROID;-fdata-sections;-ffunction-sections;-funwind-tables;-fstack-protector-strong;-no-canonical-prefixes;-D_FORTIFY_SOURCE=2;-Wformat;-Werror=format-security;;-std=c++20;-Wall;-Wextra;-Wpedantic
Id flags: --c++ 

The output was:
The filename or extension is too long


Compiling the CXX compiler identification source file "CMakeCXXCompilerId.cpp" failed.
Compiler: C:/Users/Tom/AppData/Local/Android/Sdk/ndk/29.0.14206865/toolchains/llvm/prebuilt/windows-x86_64/bin/clang++.exe 
Build flags: -g;-DANDROID;-fdata-sections;-ffunction-sections;-funwind-tables;-fstack-protector-strong;-no-canonical-prefixes;-D_FORTIFY_SOURCE=2;-Wformat;-Werror=format-security;;-std=c++20;-Wall;-Wextra;-Wpedantic
Id flags: --ec++ 

The output was:
The filename or extension is too long


Compiling the CXX compiler identification source file "CMakeCXXCompilerId.cpp" failed.
Compiler: C:/Users/Tom/AppData/Local/Android/Sdk/ndk/29.0.14206865/toolchains/llvm/prebuilt/windows-x86_64/bin/clang++.exe 
Build flags: -g;-DANDROID;-fdata-sections;-ffunction-sections;-funwind-tables;-fstack-protector-strong;-no-canonical-prefixes;-D_FORTIFY_SOURCE=2;-Wformat;-Werror=format-security;;-std=c++20;-Wall;-Wextra;-Wpedantic
Id flags: --target=arm-arm-none-eabi;-mcpu=cortex-m3 

The output was:
The filename or extension is too long


Compiling the CXX compiler identification source file "CMakeCXXCompilerId.cpp" failed.
Compiler: C:/Users/Tom/AppData/Local/Android/Sdk/ndk/29.0.14206865/toolchains/llvm/prebuilt/windows-x86_64/bin/clang++.exe 
Build flags: -g;-DANDROID;-fdata-sections;-ffunction-sections;-funwind-tables;-fstack-protector-strong;-no-canonical-prefixes;-D_FORTIFY_SOURCE=2;-Wformat;-Werror=format-security;;-std=c++20;-Wall;-Wextra;-Wpedantic
Id flags: -c;-I__does_not_exist__ 

The output was:
The filename or extension is too long


Compiling the CXX compiler identification source file "CMakeCXXCompilerId.cpp" failed.
Compiler: C:/Users/Tom/AppData/Local/Android/Sdk/ndk/29.0.14206865/toolchains/llvm/prebuilt/windows-x86_64/bin/clang++.exe 
Build flags: 
Id flags: -c;--target=aarch64-none-linux-android26 

The output was:
The filename or extension is too long


Compiling the CXX compiler identification source file "CMakeCXXCompilerId.cpp" failed.
Compiler: C:/Users/Tom/AppData/Local/Android/Sdk/ndk/29.0.14206865/toolchains/llvm/prebuilt/windows-x86_64/bin/clang++.exe 
Build flags: 
Id flags:  

The output was:
The filename or extension is too long


Compiling the CXX compiler identification source file "CMakeCXXCompilerId.cpp" failed.
Compiler: C:/Users/Tom/AppData/Local/Android/Sdk/ndk/29.0.14206865/toolchains/llvm/prebuilt/windows-x86_64/bin/clang++.exe 
Build flags: 
Id flags: -c 

The output was:
The filename or extension is too long


Compiling the CXX compiler identification source file "CMakeCXXCompilerId.cpp" failed.
Compiler: C:/Users/Tom/AppData/Local/Android/Sdk/ndk/29.0.14206865/toolchains/llvm/prebuilt/windows-x86_64/bin/clang++.exe 
Build flags: 
Id flags: --c++ 

The output was:
The filename or extension is too long


Compiling the CXX compiler identification source file "CMakeCXXCompilerId.cpp" failed.
Compiler: C:/Users/Tom/AppData/Local/Android/Sdk/ndk/29.0.14206865/toolchains/llvm/prebuilt/windows-x86_64/bin/clang++.exe 
Build flags: 
Id flags: --ec++ 

The output was:
The filename or extension is too long


Compiling the CXX compiler identification source file "CMakeCXXCompilerId.cpp" failed.
Compiler: C:/Users/Tom/AppData/Local/Android/Sdk/ndk/29.0.14206865/toolchains/llvm/prebuilt/windows-x86_64/bin/clang++.exe 
Build flags: 
Id flags: --target=arm-arm-none-eabi;-mcpu=cortex-m3 

The output was:
The filename or extension is too long


Compiling the CXX compiler identification source file "CMakeCXXCompilerId.cpp" failed.
Compiler: C:/Users/Tom/AppData/Local/Android/Sdk/ndk/29.0.14206865/toolchains/llvm/prebuilt/windows-x86_64/bin/clang++.exe 
Build flags: 
Id flags: -c;-I__does_not_exist__ 

The output was:
The filename or extension is too long


Checking whether the CXX compiler is IAR using "" did not match "IAR .+ Compiler":
Checking whether the CXX compiler is IAR using "" did not match "IAR .+ Compiler":
